// Jest Snapshot v1, https://goo.gl/fbAQLP

exports[`Testing of Profile component expect to render Profile component 1`] = `ShallowWrapper {}`;
